2026-09-21T07:27:28.383+09:30 DEBUG 385775 --- [http-nio-9221-exec-1] o.s.web.servlet.DispatcherServlet        : POST "/v1/scanFile", parameters={multipart}
2026-09-21T07:27:28.616+09:30 DEBUG 385775 --- [http-nio-9221-exec-1] s.w.s.m.m.a.RequestMappingHandlerMapping : Mapped to com.hcl.appscan.customscannersservice.controller.CustomScannersController#runScanFile(MultipartFile, String, int[])
2026-09-21T07:27:29.049+09:30 DEBUG 385775 --- [http-nio-9221-exec-1] o.s.w.s.m.m.a.HttpEntityMethodProcessor  : Using 'application/json', given [application/json, text/plain, */*] and supported [application/json]
2026-09-21T07:27:29.081+09:30 DEBUG 385775 --- [http-nio-9221-exec-1] o.s.w.s.m.m.a.HttpEntityMethodProcessor  : Writing [CustomScannerServiceResult{findings=[]}]
2026-09-21T07:27:29.141+09:30 DEBUG 385775 --- [http-nio-9221-exec-1] o.s.web.servlet.DispatcherServlet        : Completed 200 OK
2026-09-21T07:57:09.542+09:30 DEBUG 385775 --- [http-nio-9221-exec-2] o.s.web.servlet.DispatcherServlet        : POST "/v1/scanFile", parameters={multipart}
2026-09-21T07:57:09.550+09:30 DEBUG 385775 --- [http-nio-9221-exec-2] s.w.s.m.m.a.RequestMappingHandlerMapping : Mapped to com.hcl.appscan.customscannersservice.controller.CustomScannersController#runScanFile(MultipartFile, String, int[])
2026-09-21T07:57:09.816+09:30 DEBUG 385775 --- [http-nio-9221-exec-2] o.s.w.s.m.m.a.HttpEntityMethodProcessor  : Using 'application/json', given [application/json, text/plain, */*] and supported [application/json]
2026-09-21T07:57:09.817+09:30 DEBUG 385775 --- [http-nio-9221-exec-2] o.s.w.s.m.m.a.HttpEntityMethodProcessor  : Writing [CustomScannerServiceResult{findings=[]}]
2026-09-21T07:57:09.818+09:30 DEBUG 385775 --- [http-nio-9221-exec-2] o.s.web.servlet.DispatcherServlet        : Completed 200 OK
2026-09-21T07:57:34.527+09:30 DEBUG 385775 --- [http-nio-9221-exec-3] o.s.web.servlet.DispatcherServlet        : POST "/v1/scanFile", parameters={multipart}
2026-09-21T07:57:34.535+09:30 DEBUG 385775 --- [http-nio-9221-exec-3] s.w.s.m.m.a.RequestMappingHandlerMapping : Mapped to com.hcl.appscan.customscannersservice.controller.CustomScannersController#runScanFile(MultipartFile, String, int[])
2026-09-21T07:57:34.807+09:30 DEBUG 385775 --- [http-nio-9221-exec-3] o.s.w.s.m.m.a.HttpEntityMethodProcessor  : Using 'application/json', given [application/json, text/plain, */*] and supported [application/json]
2026-09-21T07:57:34.807+09:30 DEBUG 385775 --- [http-nio-9221-exec-3] o.s.w.s.m.m.a.HttpEntityMethodProcessor  : Writing [CustomScannerServiceResult{findings=[]}]
2026-09-21T07:57:34.808+09:30 DEBUG 385775 --- [http-nio-9221-exec-3] o.s.web.servlet.DispatcherServlet        : Completed 200 OK
2026-09-21T07:58:33.273+09:30 DEBUG 385775 --- [http-nio-9221-exec-4] o.s.web.servlet.DispatcherServlet        : POST "/v1/scanFile", parameters={multipart}
2026-09-21T07:58:33.281+09:30 DEBUG 385775 --- [http-nio-9221-exec-4] s.w.s.m.m.a.RequestMappingHandlerMapping : Mapped to com.hcl.appscan.customscannersservice.controller.CustomScannersController#runScanFile(MultipartFile, String, int[])
2026-09-21T07:58:33.595+09:30 DEBUG 385775 --- [http-nio-9221-exec-4] o.s.w.s.m.m.a.HttpEntityMethodProcessor  : Using 'application/json', given [application/json, text/plain, */*] and supported [application/json]
2026-09-21T07:58:33.598+09:30 DEBUG 385775 --- [http-nio-9221-exec-4] o.s.w.s.m.m.a.HttpEntityMethodProcessor  : Writing [CustomScannerServiceResult{findings=[]}]
2026-09-21T07:58:33.602+09:30 DEBUG 385775 --- [http-nio-9221-exec-4] o.s.web.servlet.DispatcherServlet        : Completed 200 OK
2026-09-21T08:17:28.370+09:30 DEBUG 385775 --- [http-nio-9221-exec-5] o.s.web.servlet.DispatcherServlet        : POST "/v1/scanFile", parameters={multipart}
2026-09-21T08:17:28.379+09:30 DEBUG 385775 --- [http-nio-9221-exec-5] s.w.s.m.m.a.RequestMappingHandlerMapping : Mapped to com.hcl.appscan.customscannersservice.controller.CustomScannersController#runScanFile(MultipartFile, String, int[])
2026-09-21T08:17:28.742+09:30 DEBUG 385775 --- [http-nio-9221-exec-5] o.s.w.s.m.m.a.HttpEntityMethodProcessor  : Using 'application/json', given [application/json, text/plain, */*] and supported [application/json]
2026-09-21T08:17:28.742+09:30 DEBUG 385775 --- [http-nio-9221-exec-5] o.s.w.s.m.m.a.HttpEntityMethodProcessor  : Writing [CustomScannerServiceResult{findings=[]}]
2026-09-21T08:17:28.745+09:30 DEBUG 385775 --- [http-nio-9221-exec-5] o.s.web.servlet.DispatcherServlet        : Completed 200 OK
2026-09-21T09:13:49.904+09:30 DEBUG 385775 --- [http-nio-9221-exec-6] o.s.web.servlet.DispatcherServlet        : POST "/v1/scanFile", parameters={multipart}
2026-09-21T09:13:49.911+09:30 DEBUG 385775 --- [http-nio-9221-exec-6] s.w.s.m.m.a.RequestMappingHandlerMapping : Mapped to com.hcl.appscan.customscannersservice.controller.CustomScannersController#runScanFile(MultipartFile, String, int[])
2026-09-21T09:13:50.235+09:30 DEBUG 385775 --- [http-nio-9221-exec-6] o.s.w.s.m.m.a.HttpEntityMethodProcessor  : Using 'application/json', given [application/json, text/plain, */*] and supported [application/json]
2026-09-21T09:13:50.236+09:30 DEBUG 385775 --- [http-nio-9221-exec-6] o.s.w.s.m.m.a.HttpEntityMethodProcessor  : Writing [CustomScannerServiceResult{findings=[]}]
2026-09-21T09:13:50.237+09:30 DEBUG 385775 --- [http-nio-9221-exec-6] o.s.web.servlet.DispatcherServlet        : Completed 200 OK
2026-09-21T09:22:21.561+09:30 DEBUG 385775 --- [http-nio-9221-exec-7] o.s.web.servlet.DispatcherServlet        : POST "/v1/scanFile", parameters={multipart}
2026-09-21T09:22:21.567+09:30 DEBUG 385775 --- [http-nio-9221-exec-7] s.w.s.m.m.a.RequestMappingHandlerMapping : Mapped to com.hcl.appscan.customscannersservice.controller.CustomScannersController#runScanFile(MultipartFile, String, int[])
2026-09-21T09:22:21.943+09:30 DEBUG 385775 --- [http-nio-9221-exec-7] o.s.w.s.m.m.a.HttpEntityMethodProcessor  : Using 'application/json', given [application/json, text/plain, */*] and supported [application/json]
2026-09-21T09:22:21.944+09:30 DEBUG 385775 --- [http-nio-9221-exec-7] o.s.w.s.m.m.a.HttpEntityMethodProcessor  : Writing [CustomScannerServiceResult{findings=[]}]
2026-09-21T09:22:21.944+09:30 DEBUG 385775 --- [http-nio-9221-exec-7] o.s.web.servlet.DispatcherServlet        : Completed 200 OK
2026-09-21T09:22:22.034+09:30 DEBUG 385775 --- [http-nio-9221-exec-8] o.s.web.servlet.DispatcherServlet        : POST "/v1/scanFile", parameters={multipart}
2026-09-21T09:22:22.039+09:30 DEBUG 385775 --- [http-nio-9221-exec-8] s.w.s.m.m.a.RequestMappingHandlerMapping : Mapped to com.hcl.appscan.customscannersservice.controller.CustomScannersController#runScanFile(MultipartFile, String, int[])
2026-09-21T09:22:22.368+09:30 DEBUG 385775 --- [http-nio-9221-exec-8] o.s.w.s.m.m.a.HttpEntityMethodProcessor  : Using 'application/json', given [application/json, text/plain, */*] and supported [application/json]
2026-09-21T09:22:22.369+09:30 DEBUG 385775 --- [http-nio-9221-exec-8] o.s.w.s.m.m.a.HttpEntityMethodProcessor  : Writing [CustomScannerServiceResult{findings=[]}]
2026-09-21T09:22:22.370+09:30 DEBUG 385775 --- [http-nio-9221-exec-8] o.s.web.servlet.DispatcherServlet        : Completed 200 OK
2026-09-21T09:24:30.799+09:30 DEBUG 385775 --- [http-nio-9221-exec-9] o.s.web.servlet.DispatcherServlet        : POST "/v1/scanFile", parameters={multipart}
2026-09-21T09:24:30.803+09:30 DEBUG 385775 --- [http-nio-9221-exec-9] s.w.s.m.m.a.RequestMappingHandlerMapping : Mapped to com.hcl.appscan.customscannersservice.controller.CustomScannersController#runScanFile(MultipartFile, String, int[])
2026-09-21T09:24:31.183+09:30 DEBUG 385775 --- [http-nio-9221-exec-9] o.s.w.s.m.m.a.HttpEntityMethodProcessor  : Using 'application/json', given [application/json, text/plain, */*] and supported [application/json]
2026-09-21T09:24:31.183+09:30 DEBUG 385775 --- [http-nio-9221-exec-9] o.s.w.s.m.m.a.HttpEntityMethodProcessor  : Writing [CustomScannerServiceResult{findings=[]}]
2026-09-21T09:24:31.186+09:30 DEBUG 385775 --- [http-nio-9221-exec-9] o.s.web.servlet.DispatcherServlet        : Completed 200 OK
2026-09-21T09:24:31.377+09:30 DEBUG 385775 --- [http-nio-9221-exec-10] o.s.web.servlet.DispatcherServlet        : POST "/v1/scanFile", parameters={multipart}
2026-09-21T09:24:31.386+09:30 DEBUG 385775 --- [http-nio-9221-exec-10] s.w.s.m.m.a.RequestMappingHandlerMapping : Mapped to com.hcl.appscan.customscannersservice.controller.CustomScannersController#runScanFile(MultipartFile, String, int[])
2026-09-21T09:24:31.731+09:30 DEBUG 385775 --- [http-nio-9221-exec-10] o.s.w.s.m.m.a.HttpEntityMethodProcessor  : Using 'application/json', given [application/json, text/plain, */*] and supported [application/json]
2026-09-21T09:24:31.732+09:30 DEBUG 385775 --- [http-nio-9221-exec-10] o.s.w.s.m.m.a.HttpEntityMethodProcessor  : Writing [CustomScannerServiceResult{findings=[]}]
2026-09-21T09:24:31.735+09:30 DEBUG 385775 --- [http-nio-9221-exec-10] o.s.web.servlet.DispatcherServlet        : Completed 200 OK
2026-09-21T09:38:16.816+09:30 DEBUG 385775 --- [http-nio-9221-exec-1] o.s.web.servlet.DispatcherServlet        : POST "/v1/scanFile", parameters={multipart}
2026-09-21T09:38:16.820+09:30 DEBUG 385775 --- [http-nio-9221-exec-1] s.w.s.m.m.a.RequestMappingHandlerMapping : Mapped to com.hcl.appscan.customscannersservice.controller.CustomScannersController#runScanFile(MultipartFile, String, int[])
2026-09-21T09:38:17.131+09:30 DEBUG 385775 --- [http-nio-9221-exec-1] o.s.w.s.m.m.a.HttpEntityMethodProcessor  : Using 'application/json', given [application/json, text/plain, */*] and supported [application/json]
2026-09-21T09:38:17.131+09:30 DEBUG 385775 --- [http-nio-9221-exec-1] o.s.w.s.m.m.a.HttpEntityMethodProcessor  : Writing [CustomScannerServiceResult{findings=[]}]
2026-09-21T09:38:17.132+09:30 DEBUG 385775 --- [http-nio-9221-exec-1] o.s.web.servlet.DispatcherServlet        : Completed 200 OK
